// Jest Snapshot v1, https://goo.gl/fbAQLP

exports[`Layout > header-nav matches the snapshot 1`] = `
"<div data-app=\\"true\\" class=\\"v-application v-application--is-ltr theme--light\\" id=\\"app\\">
  <div class=\\"v-application--wrap\\">
    <div></div>
    <div></div>
    <main class=\\"v-main\\" style=\\"padding: 0px 0px 0px 0px;\\">
      <div class=\\"v-main__wrap\\">
        <div></div>
      </div>
    </main>
  </div>
</div>"
`;
